---
http_interactions:
- request:
    method: get
    uri: http://localhost:8888/gui/token.html?output=text
    body:
      encoding: US-ASCII
      string: ''
    headers: {}
  response:
    status:
      code: 200
      message: OK
    headers:
      Connection:
      - keep-alive
      Content-Length:
      - '121'
      Content-Type:
      - text/html
      Set-Cookie:
      - GUID=KxAcmT2sDhFgFWdkWpiD; path=/
      Cache-Control:
      - no-cache
    body:
      encoding: US-ASCII
      string: <html><div id='token' style='display:none;'>M97J_F2siEk5HvGVBlrq-V46L2t5pVEIZ7E2atc-G0p7CEwaqMqz4Cd_tlEAAAAA</div></html>
    http_version: 
  recorded_at: Tue, 11 Jun 2013 01:36:41 GMT
- request:
    method: get
    uri: http://localhost:8888/gui/?action=generatesecret&output=json&token=M97J_F2siEk5HvGVBlrq-V46L2t5pVEIZ7E2atc-G0p7CEwaqMqz4Cd_tlEAAAAA
    body:
      encoding: US-ASCII
      string: ''
    headers:
      Cookie:
      - GUID=KxAcmT2sDhFgFWdkWpiD
  response:
    status:
      code: 200
      message: OK
    headers:
      Connection:
      - keep-alive
      Content-Length:
      - '97'
      Content-Type:
      - application/json; charset=utf-8
      Cache-Control:
      - no-cache
    body:
      encoding: US-ASCII
      string: ! '{ "rosecret": "R4AS3NAJZE2T3GORR62HAYFF7ZHWYO55B", "secret": "7CNBLBZ4NJ6K4UDATR23IOFY2WV6WQIB"
        }'
    http_version: 
  recorded_at: Tue, 11 Jun 2013 01:36:41 GMT
- request:
    method: get
    uri: http://localhost:8888/gui/?action=addsyncfolder&name=/home/chris/bt_test&output=json&secret=7CNBLBZ4NJ6K4UDATR23IOFY2WV6WQIB&token=M97J_F2siEk5HvGVBlrq-V46L2t5pVEIZ7E2atc-G0p7CEwaqMqz4Cd_tlEAAAAA
    body:
      encoding: US-ASCII
      string: ''
    headers:
      Cookie:
      - GUID=KxAcmT2sDhFgFWdkWpiD
  response:
    status:
      code: 200
      message: OK
    headers:
      Connection:
      - keep-alive
      Content-Length:
      - '14'
      Content-Type:
      - application/json; charset=utf-8
      Cache-Control:
      - no-cache
    body:
      encoding: US-ASCII
      string: ! '{ "error": 0 }'
    http_version: 
  recorded_at: Tue, 11 Jun 2013 01:36:41 GMT
- request:
    method: get
    uri: http://localhost:8888/gui/token.html?output=text
    body:
      encoding: US-ASCII
      string: ''
    headers: {}
  response:
    status:
      code: 200
      message: OK
    headers:
      Connection:
      - keep-alive
      Content-Length:
      - '121'
      Content-Type:
      - text/html
      Set-Cookie:
      - GUID=HFkn6RkoTnw6Oan1pMFU; path=/
      Cache-Control:
      - no-cache
    body:
      encoding: US-ASCII
      string: <html><div id='token' style='display:none;'>UXeKNPoM_34lc_eMrOyjbAM_YDlrBq-7K1nzf11--4Cj9HqlR2KY6Sd_tlEAAAAA</div></html>
    http_version: 
  recorded_at: Tue, 11 Jun 2013 01:36:41 GMT
- request:
    method: get
    uri: http://localhost:8888/gui/?action=getsyncfolders&output=json&token=UXeKNPoM_34lc_eMrOyjbAM_YDlrBq-7K1nzf11--4Cj9HqlR2KY6Sd_tlEAAAAA
    body:
      encoding: US-ASCII
      string: ''
    headers:
      Cookie:
      - GUID=HFkn6RkoTnw6Oan1pMFU
  response:
    status:
      code: 200
      message: OK
    headers:
      Connection:
      - keep-alive
      Content-Length:
      - '395'
      Content-Type:
      - application/json; charset=utf-8
      Cache-Control:
      - no-cache
    body:
      encoding: US-ASCII
      string: ! '{ "folders": [ { "name": "\/home\/chris\/Documents", "peers": [ {
        "direct": 1, "name": "IceyEC Portable", "status": "Synced on 06\/05\/13 20:52:35"
        } ], "secret": "6PX74LIR2RA2FF2W3DC25MG2CF6SQDSJ", "size": "0 B in 0 files"
        }, { "name": "\/home\/chris\/bt_test", "peers": [  ], "secret": "7CNBLBZ4NJ6K4UDATR23IOFY2WV6WQIB",
        "size": "0 B in 0 files" } ], "speed": "0.0 kB\/s up, 0.0 kB\/s down" }'
    http_version: 
  recorded_at: Tue, 11 Jun 2013 01:36:41 GMT
recorded_with: VCR 2.5.0
