---
http_interactions:
- request:
    method: get
    uri: http://admin:AdminPassword@localhost:8888/gui/?action=getdir&dir=/&output=json&token=XyBEsTE14yOeEBRRXOW196byOfS6G2QcAh0caYsBRhMAG6SnoEx7SmmIxFEAAAAA
    body:
      encoding: US-ASCII
      string: ''
    headers:
      Cookie:
      - GUID=oSmqqK48CCm4uXCrJr3m
  response:
    status:
      code: 200
      message: OK
    headers:
      Connection:
      - keep-alive
      Content-Length:
      - '270'
      Content-Type:
      - application/json; charset=utf-8
      Cache-Control:
      - no-cache
    body:
      encoding: US-ASCII
      string: ! '{ "folders": [ "\/\/bin", "\/\/boot", "\/\/dev", "\/\/etc", "\/\/home",
        "\/\/lib", "\/\/lost+found", "\/\/media", "\/\/mnt", "\/\/opt", "\/\/proc",
        "\/\/root", "\/\/run", "\/\/sbin", "\/\/selinux", "\/\/srv", "\/\/sys", "\/\/tmp",
        "\/\/usr", "\/\/vagrant", "\/\/var" ] }'
    http_version: 
  recorded_at: Fri, 21 Jun 2013 17:07:54 GMT
- request:
    method: get
    uri: http://admin:AdminPassword@localhost:8888/gui/?action=getdir&dir=/&output=json&token=XyBEsTE14yOeEBRRXOW196byOfS6G2QcAh0caYsBRhMAG6SnoEx7SmmIxFEAAAAA
    body:
      encoding: US-ASCII
      string: ''
    headers:
      Cookie:
      - GUID=oSmqqK48CCm4uXCrJr3m
  response:
    status:
      code: 200
      message: OK
    headers:
      Connection:
      - keep-alive
      Content-Length:
      - '270'
      Content-Type:
      - application/json; charset=utf-8
      Cache-Control:
      - no-cache
    body:
      encoding: US-ASCII
      string: ! '{ "folders": [ "\/\/bin", "\/\/boot", "\/\/dev", "\/\/etc", "\/\/home",
        "\/\/lib", "\/\/lost+found", "\/\/media", "\/\/mnt", "\/\/opt", "\/\/proc",
        "\/\/root", "\/\/run", "\/\/sbin", "\/\/selinux", "\/\/srv", "\/\/sys", "\/\/tmp",
        "\/\/usr", "\/\/vagrant", "\/\/var" ] }'
    http_version: 
  recorded_at: Fri, 21 Jun 2013 17:07:54 GMT
- request:
    method: get
    uri: http://admin:AdminPassword@localhost:8888/gui/?action=getdir&dir=/&output=json&token=XyBEsTE14yOeEBRRXOW196byOfS6G2QcAh0caYsBRhMAG6SnoEx7SmmIxFEAAAAA
    body:
      encoding: US-ASCII
      string: ''
    headers:
      Cookie:
      - GUID=oSmqqK48CCm4uXCrJr3m
  response:
    status:
      code: 200
      message: OK
    headers:
      Connection:
      - keep-alive
      Content-Length:
      - '270'
      Content-Type:
      - application/json; charset=utf-8
      Cache-Control:
      - no-cache
    body:
      encoding: US-ASCII
      string: ! '{ "folders": [ "\/\/bin", "\/\/boot", "\/\/dev", "\/\/etc", "\/\/home",
        "\/\/lib", "\/\/lost+found", "\/\/media", "\/\/mnt", "\/\/opt", "\/\/proc",
        "\/\/root", "\/\/run", "\/\/sbin", "\/\/selinux", "\/\/srv", "\/\/sys", "\/\/tmp",
        "\/\/usr", "\/\/vagrant", "\/\/var" ] }'
    http_version: 
  recorded_at: Fri, 21 Jun 2013 17:07:54 GMT
recorded_with: VCR 2.5.0
