---
http_interactions:
- request:
    method: get
    uri: http://admin:AdminPassword@localhost:8888/gui/?action=getfolderpref&name=/home/vagrant&output=json&secret=VL7HERYH2OMR26GGVTJ3RKLPXZP5ULRP&token=1VUNIk8_4hZXE_XMMhGuIV7iMXkSQmzYWBCNzZQX9HdQMk8LOGYLVtOHxFEAAAAA
    body:
      encoding: US-ASCII
      string: ''
    headers:
      Cookie:
      - GUID=XEbURKXg3ebTU30iLubC
  response:
    status:
      code: 200
      message: OK
    headers:
      Connection:
      - keep-alive
      Content-Length:
      - '188'
      Content-Type:
      - application/json; charset=utf-8
      Cache-Control:
      - no-cache
    body:
      encoding: US-ASCII
      string: ! '{ "folderpref": { "deletetotrash": 1, "iswritable": 1, "readonlysecret":
        "RSQNMY7PJECCUU46NMZDZQQPK4RDERQNI", "relay": 0, "searchdht": 1, "searchlan":
        0, "usehosts": 0, "usetracker": 0 } }'
    http_version: 
  recorded_at: Fri, 21 Jun 2013 17:05:24 GMT
- request:
    method: get
    uri: http://admin:AdminPassword@localhost:8888/gui/?action=setfolderpref&deletetotrash=0&iswritable=1&name=/home/vagrant&output=json&relay=0&searchdht=1&searchlan=0&secret=VL7HERYH2OMR26GGVTJ3RKLPXZP5ULRP&token=1VUNIk8_4hZXE_XMMhGuIV7iMXkSQmzYWBCNzZQX9HdQMk8LOGYLVtOHxFEAAAAA&usehosts=0&usetracker=0
    body:
      encoding: US-ASCII
      string: ''
    headers:
      Cookie:
      - GUID=XEbURKXg3ebTU30iLubC
  response:
    status:
      code: 200
      message: OK
    headers:
      Connection:
      - keep-alive
      Content-Length:
      - '4'
      Content-Type:
      - application/json; charset=utf-8
      Cache-Control:
      - no-cache
    body:
      encoding: US-ASCII
      string: ! '{  }'
    http_version: 
  recorded_at: Fri, 21 Jun 2013 17:05:24 GMT
- request:
    method: get
    uri: http://admin:AdminPassword@localhost:8888/gui/?action=getfolderpref&name=/home/vagrant&output=json&secret=VL7HERYH2OMR26GGVTJ3RKLPXZP5ULRP&token=1VUNIk8_4hZXE_XMMhGuIV7iMXkSQmzYWBCNzZQX9HdQMk8LOGYLVtOHxFEAAAAA
    body:
      encoding: US-ASCII
      string: ''
    headers:
      Cookie:
      - GUID=XEbURKXg3ebTU30iLubC
  response:
    status:
      code: 200
      message: OK
    headers:
      Connection:
      - keep-alive
      Content-Length:
      - '188'
      Content-Type:
      - application/json; charset=utf-8
      Cache-Control:
      - no-cache
    body:
      encoding: US-ASCII
      string: ! '{ "folderpref": { "deletetotrash": 0, "iswritable": 1, "readonlysecret":
        "RSQNMY7PJECCUU46NMZDZQQPK4RDERQNI", "relay": 0, "searchdht": 1, "searchlan":
        0, "usehosts": 0, "usetracker": 0 } }'
    http_version: 
  recorded_at: Fri, 21 Jun 2013 17:05:24 GMT
recorded_with: VCR 2.5.0
